common/pointers/err.InvalidAddress2.d
common/drops/drp.DTRACEDROP_AGGREGATION.d
common/drops/drp.DTRACEDROP_STKSTROVERFLOW.d
common/dtraceUtil/tst.InvalidTraceName1.d.ksh
common/dtraceUtil/tst.ZeroFunctionProbes.d.ksh 
common/dtraceUtil/tst.ZeroModuleProbes.d.ksh
common/buffering/tst.resize1.d
common/buffering/tst.resize2.d
common/buffering/tst.resize3.d
common/predicates/tst.predcache.ksh
common/usdt/tst.andpid.ksh
common/safety/tst.violentdeath.ksh
common/proc/tst.signal.ksh 
common/proc/tst.execfail.ksh
common/proc/tst.execfail.ENOENT.ksh
common/proc/tst.exec.ksh
common/proc/tst.discard.ksh
common/privs/tst.unpriv_funcs.ksh
common/privs/tst.func_access.ksh
common/privs/tst.op_access.ksh
common/privs/tst.unpriv_funcs.ksh
common/mib/tst.icmp.ksh  
common/mib/tst.tcp.ksh  
common/mib/tst.udp.ksh
common/mdb/tst.dtracedcmd.ksh
common/cpc/err.D_PDESC_ZERO.lowfrequency.d
common/cpc/err.D_PDESC_ZERO.malformedoverflow.d
common/cpc/err.D_PDESC_ZERO.nonexistentevent.d
common/cpc/err.cpcvscpustatpart1.ksh
common/cpc/err.cpcvscpustatpart2.ksh
common/cpc/err.cputrackfailtostart.ksh
common/cpc/err.cputrackterminates.ksh
common/cpc/err.toomanyenablings.d
common/cpc/tst.allcpus.ksh
common/cpc/tst.genericevent.d
common/cpc/tst.platformevent.ksh
common/java_api/tst.Abort.ksh
common/java_api/tst.Abort.ksh.out
common/java_api/tst.Bean.ksh
common/java_api/tst.Bean.ksh.out
common/java_api/tst.Close.ksh
common/java_api/tst.Close.ksh.out
common/java_api/tst.Drop.ksh
common/java_api/tst.Drop.ksh.out
common/java_api/tst.Enable.ksh
common/java_api/tst.Enable.ksh.out
common/java_api/tst.FunctionLookup.c
common/java_api/tst.FunctionLookup.ksh
common/java_api/tst.FunctionLookup.ksh.out
common/java_api/tst.GetAggregate.ksh
common/java_api/tst.MaxConsumers.ksh
common/java_api/tst.MaxConsumers.ksh.out
common/java_api/tst.MultiAggPrinta.ksh
common/java_api/tst.MultiAggPrinta.ksh.out
common/java_api/tst.ProbeData.c
common/java_api/tst.ProbeData.ksh
common/java_api/tst.ProbeData.ksh.out
common/java_api/tst.ProbeDescription.ksh
common/java_api/tst.ProbeDescription.ksh.out
common/java_api/tst.StateMachine.ksh
common/java_api/tst.StateMachine.ksh.out
common/java_api/tst.StopLock.ksh
common/java_api/tst.StopLock.ksh.out
common/java_api/tst.printa.d
common/java_api/tst.printa.d.out
common/fbtprovider/err.D_PDESC_ZERO.notreturn.d
common/fbtprovider/tst.basic.d
common/fbtprovider/tst.functionentry.d
common/fbtprovider/tst.functionreturnvalue.d
common/fbtprovider/tst.ioctlargs.d
common/fbtprovider/tst.offset.d
common/fbtprovider/tst.offsetzero.d
common/fbtprovider/tst.return.d
common/fbtprovider/tst.return0.d
common/fbtprovider/tst.tailcall.d
